
> temp-app@0.1.0 build
> next build

Γû▓ Next.js 16.1.7 (Turbopack)
- Environments: .env

node.exe : ΓÜá The "middleware" file convention 
is deprecated. Please use "proxy" instead. 
Learn more: https://nextjs.org/docs/messages/mid
dleware-to-proxy
At line:1 char:1
+ & "C:\Program Files\nodejs/node.exe" 
"C:\Program Files\nodejs/node_mo ...
+ ~~~~~~~~~~~~~~~~~~~~~~~~~~~~~~~~~~~~~~~~~~~~~~
~~~~~~~~~~~~~~~~~~~~~~~
    + CategoryInfo          : NotSpecified: (ΓÜ 
   á The "middle...leware-to-proxy:String) [],  
   RemoteException
    + FullyQualifiedErrorId : NativeCommandErro 
   r
 
  Creating an optimized production build ...

> Build error occurred
Error: Turbopack build failed with 2 errors:
./src/app/(admin)/admin/page.tsx:1:27
Ecmascript file had an error
[0m[31m[1m>[22m[39m[90m 1 |[39m 
[36mimport[39m [33mReact[39m[33m,[39m { 
useState[33m,[39m useEffect } [36mfrom[39m 
[32m'react'[39m[33m;[39m
 [90m   |[39m                           [31m
[1m^[22m[39m[31m[1m^[22m[39m[31m[1m^[22
m[39m[31m[1m^[22m[39m[31m[1m^[22m[39m[
31m[1m^[22m[39m[31m[1m^[22m[39m[31m[1m^
[22m[39m[31m[1m^[22m[39m
 [90m 2 |[39m [36mimport[39m { 
[33mCard[39m[33m,[39m 
[33mCardContent[39m[33m,[39m 
[33mCardHeader[39m[33m,[39m 
[33mCardTitle[39m } [36mfrom[39m 
[32m'@/components/ui/card'[39m[33m;[39m
 [90m 3 |[39m [36mimport[39m { 
[33mCompetencyGapHeatmap[39m } [36mfrom[39m 
[32m'@/components/admin/CompetencyGapHeatmap'[
39m[33m;[39m
 [90m 4 |[39m [36mimport[39m { 
[33mUsers[39m[33m,[39m 
[33mUserCheck[39m[33m,[39m 
[33mTimer[39m[33m,[39m 
[33mTrendingUp[39m[33m,[39m 
[33mDownload[39m[33m,[39m 
[33mAlertCircle[39m[33m,[39m 
[33mInbox[39m[33m,[39m [33mBarChart3[39m 
} [36mfrom[39m 
[32m'lucide-react'[39m[33m;[39m[0m

You're importing a component that needs 
`useEffect`. This React Hook only works in a 
Client Component. To fix, mark the file (or its 
parent) with the `"use client"` directive.

 Learn more: https://nextjs.org/docs/app/api-ref
erence/directives/use-client




./src/app/(admin)/admin/page.tsx:1:17
Ecmascript file had an error
[0m[31m[1m>[22m[39m[90m 1 |[39m 
[36mimport[39m [33mReact[39m[33m,[39m { 
useState[33m,[39m useEffect } [36mfrom[39m 
[32m'react'[39m[33m;[39m
 [90m   |[39m                 [31m[1m^[22m
[39m[31m[1m^[22m[39m[31m[1m^[22m[39m[31
m[1m^[22m[39m[31m[1m^[22m[39m[31m[1m^[
22m[39m[31m[1m^[22m[39m[31m[1m^[22m[39m
 [90m 2 |[39m [36mimport[39m { 
[33mCard[39m[33m,[39m 
[33mCardContent[39m[33m,[39m 
[33mCardHeader[39m[33m,[39m 
[33mCardTitle[39m } [36mfrom[39m 
[32m'@/components/ui/card'[39m[33m;[39m
 [90m 3 |[39m [36mimport[39m { 
[33mCompetencyGapHeatmap[39m } [36mfrom[39m 
[32m'@/components/admin/CompetencyGapHeatmap'[
39m[33m;[39m
 [90m 4 |[39m [36mimport[39m { 
[33mUsers[39m[33m,[39m 
[33mUserCheck[39m[33m,[39m 
[33mTimer[39m[33m,[39m 
[33mTrendingUp[39m[33m,[39m 
[33mDownload[39m[33m,[39m 
[33mAlertCircle[39m[33m,[39m 
[33mInbox[39m[33m,[39m [33mBarChart3[39m 
} [36mfrom[39m 
[32m'lucide-react'[39m[33m;[39m[0m

You're importing a component that needs 
`useState`. This React Hook only works in a 
Client Component. To fix, mark the file (or its 
parent) with the `"use client"` directive.

 Learn more: https://nextjs.org/docs/app/api-ref
erence/directives/use-client




    at <unknown> 
(./src/app/(admin)/admin/page.tsx:1:27)
    at <unknown> 
(./src/app/(admin)/admin/page.tsx:1:17)
